// Jest Snapshot v1, https://goo.gl/fbAQLP

exports[`should render todos correctly 1`] = `
<DocumentFragment>
  <div
    class="todo-list"
  >
    <div
      class="todo-item "
    >
      <span
        class="todo-item-text"
      >
        Test todo app
      </span>
      <svg
        aria-hidden="true"
        class="svg-inline--fa fa-trash fa-w-14 float-right"
        color="#dc3545"
        data-icon="trash"
        data-prefix="fas"
        focusable="false"
        role="img"
        viewBox="0 0 448 512"
        xmlns="http://www.w3.org/2000/svg"
      >
        <path
          d="M432 32H312l-9.4-18.7A24 24 0 0 0 281.1 0H166.8a23.72 23.72 0 0 0-21.4 13.3L136 32H16A16 16 0 0 0 0 48v32a16 16 0 0 0 16 16h416a16 16 0 0 0 16-16V48a16 16 0 0 0-16-16zM53.2 467a48 48 0 0 0 47.9 45h245.8a48 48 0 0 0 47.9-45L416 128H32z"
          fill="currentColor"
        />
      </svg>
    </div>
  </div>
</DocumentFragment>
`;
